------------------------------------------------------------
TimeQuest Timing Analyzer Summary
------------------------------------------------------------

Type  : Slow 1100mV 85C Model Setup 'clock'
Slack : -3.004
TNS   : -184.986

Type  : Slow 1100mV 85C Model Hold 'clock'
Slack : 0.244
TNS   : 0.000

Type  : Slow 1100mV 85C Model Minimum Pulse Width 'clock'
Slack : -0.538
TNS   : -54.608

Type  : Slow 1100mV 0C Model Setup 'clock'
Slack : -2.991
TNS   : -180.765

Type  : Slow 1100mV 0C Model Hold 'clock'
Slack : 0.228
TNS   : 0.000

Type  : Slow 1100mV 0C Model Minimum Pulse Width 'clock'
Slack : -0.538
TNS   : -56.140

Type  : Fast 1100mV 85C Model Setup 'clock'
Slack : -0.920
TNS   : -48.263

Type  : Fast 1100mV 85C Model Hold 'clock'
Slack : 0.134
TNS   : 0.000

Type  : Fast 1100mV 85C Model Minimum Pulse Width 'clock'
Slack : -0.106
TNS   : -7.316

Type  : Fast 1100mV 0C Model Setup 'clock'
Slack : -0.768
TNS   : -38.062

Type  : Fast 1100mV 0C Model Hold 'clock'
Slack : 0.119
TNS   : 0.000

Type  : Fast 1100mV 0C Model Minimum Pulse Width 'clock'
Slack : -0.102
TNS   : -7.009

------------------------------------------------------------
