------------------------------------------------------------
TimeQuest Timing Analyzer Summary
------------------------------------------------------------

Type  : Slow 1100mV 85C Model Setup 'clock'
Slack : -2.099
TNS   : -69.398

Type  : Slow 1100mV 85C Model Hold 'clock'
Slack : 0.279
TNS   : 0.000

Type  : Slow 1100mV 85C Model Minimum Pulse Width 'clock'
Slack : -0.538
TNS   : -38.949

Type  : Slow 1100mV 0C Model Setup 'clock'
Slack : -2.208
TNS   : -67.954

Type  : Slow 1100mV 0C Model Hold 'clock'
Slack : 0.254
TNS   : 0.000

Type  : Slow 1100mV 0C Model Minimum Pulse Width 'clock'
Slack : -0.538
TNS   : -39.784

Type  : Fast 1100mV 85C Model Setup 'clock'
Slack : -0.472
TNS   : -4.945

Type  : Fast 1100mV 85C Model Hold 'clock'
Slack : 0.151
TNS   : 0.000

Type  : Fast 1100mV 85C Model Minimum Pulse Width 'clock'
Slack : -0.108
TNS   : -5.237

Type  : Fast 1100mV 0C Model Setup 'clock'
Slack : -0.378
TNS   : -2.120

Type  : Fast 1100mV 0C Model Hold 'clock'
Slack : 0.132
TNS   : 0.000

Type  : Fast 1100mV 0C Model Minimum Pulse Width 'clock'
Slack : -0.101
TNS   : -5.000

------------------------------------------------------------
